// Jest Snapshot v1, https://goo.gl/fbAQLP

exports[`Layout Component matches snapshot 1`] = `
<DocumentFragment>
  <div
    class="app"
  >
    <nav
      class="navbar"
    >
      <div
        class="logo"
      >
        Logo
      </div>
      <input
        class="search-bar"
        placeholder="Search..."
        type="text"
        value=""
      />
    </nav>
    <div
      class="main-content"
    >
      <div
        class="side-menu"
      >
        <button
          class="menu-item active"
        >
          Apps
        </button>
        <button
          class="menu-item "
        >
          Documents
        </button>
      </div>
      <div
        class="content-area"
      >
        <div>
          Test Content
        </div>
      </div>
    </div>
  </div>
</DocumentFragment>
`;
